line 3: identifier (len = 1): x
input5.tst:22: end of file inside comment
