line 2: literal definitions:

literal code %
line 3: identifier (len = 1): a
line 3: identifier (len = 1): b
line 5: literal definitions:

01234567890123456789012345678901234567890123456789
01234567890123456789012345678901234567890123456789
01234567890123456789012345678901234567890123456789
01234567890123456789012345678901234567890123456789
01234567890123456789012345678901234567890123456789
01234567890123456789012345678901234567890123456789
01234567890123456789012345678901234567890123456789
01234567890123456789012345678901234567890123456789
01234567890123456789012345678901234567890123456789
01234567890123456789012345678901234567890123456789
01234567890123456789012345678901234567890123456789
01234567890123456789012345678901234567890123456789
01234567890123456789012345678901234567890123456789
01234567890123456789012345678901234567890123456789
01234567890123456789012345678901234567890123456789
01234567890123456789012345678901234567890123456789
01234567890123456789012345678901234567890123456789
01234567890123456789012345678901234567890123456789
01234567890123456789012345678901234567890123456789
01234567890123456789012345678901234567890123456789
01234567890123456789012345678901234567890123456789

input7.tst:29: end of file inside literal code block
line 29: literal definitions:
embedded EOF

