line 2: (
line 2: )
line 2: (
line 2: )
line 2: ,
line 2: =
line 2: *
line 2: [
line 2: ]
line 2: ;
line 2: &
line 2: ::
line 3: string: "Hello World!"
line 4: string: "012345678901234567890123456789012345678901234567890123456789012345678901234567890123456789012345678901234567890123456789012345678901234567890123456789012345678901234567890123456789012345678901234567890123456789012345678901234567890123456789012345678901234567890123456789012345678901234567890123456789012345678901234567890123456789012345678901234567890123456789012345678901234567890123456789012345678901234567890123456789012345678901234567890123456789012345678901234567890123456789012345678901234567890123456789012345678901234567890123456789012345678901234567890123456789012345678901234567890123456789012345678901234567890123456789012345678901234567890123456789012345678901234567890123456789012345678901234567890123456789012345678901234567890123456789012345678901234567890123456789012345678901234567890123456789012345678901234567890123456789012345678901234567890123456789012345678901234567890123456789012345678901234567890123456789012345678901234567890123456789012345678901234567890123456789012345678901234567890123456789012345678901234567890123456789"
input4.tst:5: end of line inside string
line 5: string: "open string"
line 6: string: ""
line 6: identifier (len = 1): a
line 7: string: ""jkkjkjlkllk"
