line 3: %node C no_parent 14
line 5: %node D C 16
line 5: %node E C 16
line 5: %node F C 16
line 5: %node G C 16
line 8: %operation void coerce 6
line 8: %param C x 1
line 8: %param C y 1
line 10: %case D coerce
line 14: %case D coerce
line 18: %case C coerce
/* output.h.  Generated automatically by treecc */
#ifndef __yy_output_h
#define __yy_output_h

#ifdef __cplusplus
extern "C" {
#endif


typedef enum {
	D,
	E,
	F,
	G
} C;


#line 1 "c_skel.h"
typedef struct
{
	struct YYNODESTATE_block *blocks__;
	struct YYNODESTATE_push *push_stack__;
	int used__;

} YYNODESTATE;
#line 27 "output.h"

extern void coerce(C x, C y);

#ifndef yykind
#define yykind(node__) ((node__)->kind__)
#endif

#ifndef yykindname
#define yykindname(node__) ((node__)->vtable__->name__)
#endif

#ifndef yykindof
#define yykindof(type__) (type__##_kind)
#endif

#ifndef yyisa
extern int yyisa__(const void *vtable__, int kind__);
#define yyisa(node__,type__) \
	(yyisa__((node__)->vtable__, (type__##_kind)))
#endif

#ifndef yygetfilename
#define yygetfilename(node__) ((node__)->filename__)
#endif

#ifndef yygetlinenum
#define yygetlinenum(node__) ((node__)->linenum__)
#endif

#ifndef yysetfilename
#define yysetfilename(node__, value__) \
	((node__)->filename__ = (value__))
#endif

#ifndef yysetlinenum
#define yysetlinenum(node__, value__) \
	((node__)->linenum__ = (value__))
#endif

#ifndef yytracklines_declared
extern char *yycurrfilename(void);
extern long yycurrlinenum(void);
#define yytracklines_declared 1
#endif

#ifndef yynodeops_declared
extern void yynodeinit(void);
extern void *yynodealloc(unsigned int size__);
extern int yynodepush(void);
extern void yynodepop(void);
extern void yynodeclear(void);
extern void yynodefailed(void);
#define yynodeops_declared 1
#endif

#ifdef __cplusplus
};
#endif

#endif
/* output.c.  Generated automatically by treecc */

#define YYNODESTATE_TRACK_LINES 1
#line 1 "c_skel.c"
/*
 * treecc node allocation routines for C.
 *
 * Copyright (C) 2001  Southern Storm Software, Pty Ltd.
 *
 * This program is free software; you can redistribute it and/or modify
 * it under the terms of the GNU General Public License as published by
 * the Free Software Foundation; either version 2 of the License, or
 * (at your option) any later version.
 *
 * This program is distributed in the hope that it will be useful,
 * but WITHOUT ANY WARRANTY; without even the implied warranty of
 * MERCHANTABILITY or FITNESS FOR A PARTICULAR PURPOSE.  See the
 * GNU General Public License for more details.
 *
 * You should have received a copy of the GNU General Public License
 * along with this program; if not, write to the Free Software
 * Foundation, Inc., 59 Temple Place, Suite 330, Boston, MA  02111-1307  USA
 *
 * As a special exception, when this file is copied by treecc into
 * a treecc output file, you may use that output file without restriction.
 */

#include <stdlib.h>

#ifndef YYNODESTATE_BLKSIZ
#define	YYNODESTATE_BLKSIZ	2048
#endif

/*
 * Types used by the allocation routines.
 */
struct YYNODESTATE_block
{
	char data__[YYNODESTATE_BLKSIZ];
	struct YYNODESTATE_block *next__;

};
struct YYNODESTATE_push
{
	struct YYNODESTATE_push *next__;
	struct YYNODESTATE_block *saved_block__;
	int saved_used__;
};

/*
 * The fixed global state to use for non-reentrant allocation.
 */
#ifndef YYNODESTATE_REENTRANT
static YYNODESTATE fixed_state__;
#endif

/*
 * Some macro magic to determine the default alignment
 * on this machine.  This will compile down to a constant.
 */
#define	YYNODESTATE_ALIGN_CHECK_TYPE(type,name)	\
	struct _YYNODESTATE_align_##name { \
		char pad; \
		type field; \
	}
#define	YYNODESTATE_ALIGN_FOR_TYPE(type)	\
	((unsigned)(&(((struct _YYNODESTATE_align_##type *)0)->field)))
#define	YYNODESTATE_ALIGN_MAX(a,b)	\
	((a) > (b) ? (a) : (b))
#define	YYNODESTATE_ALIGN_MAX3(a,b,c) \
	(YYNODESTATE_ALIGN_MAX((a), YYNODESTATE_ALIGN_MAX((b), (c))))
YYNODESTATE_ALIGN_CHECK_TYPE(int, int);
YYNODESTATE_ALIGN_CHECK_TYPE(long, long);
#if defined(WIN32) && !defined(__CYGWIN__)
YYNODESTATE_ALIGN_CHECK_TYPE(__int64, long_long);
#else
YYNODESTATE_ALIGN_CHECK_TYPE(long long, long_long);
#endif
YYNODESTATE_ALIGN_CHECK_TYPE(void *, void_p);
YYNODESTATE_ALIGN_CHECK_TYPE(float, float);
YYNODESTATE_ALIGN_CHECK_TYPE(double, double);
#define	YYNODESTATE_ALIGNMENT	\
	YYNODESTATE_ALIGN_MAX( \
			YYNODESTATE_ALIGN_MAX3	\
			(YYNODESTATE_ALIGN_FOR_TYPE(int), \
		     YYNODESTATE_ALIGN_FOR_TYPE(long), \
			 YYNODESTATE_ALIGN_FOR_TYPE(long_long)), \
  	     YYNODESTATE_ALIGN_MAX3 \
		 	(YYNODESTATE_ALIGN_FOR_TYPE(void_p), \
			 YYNODESTATE_ALIGN_FOR_TYPE(float), \
			 YYNODESTATE_ALIGN_FOR_TYPE(double)))

/*
 * Initialize the node allocation pool.
 */
#ifdef YYNODESTATE_REENTRANT
void yynodeinit(state__)
YYNODESTATE *state__;
{
#else
void yynodeinit()
{
	YYNODESTATE *state__ = &fixed_state__;
#endif
	state__->blocks__ = 0;
	state__->push_stack__ = 0;
	state__->used__ = 0;
}

/*
 * Allocate a block of memory.
 */
#ifdef YYNODESTATE_REENTRANT
void *yynodealloc(state__, size__)
YYNODESTATE *state__;
unsigned int size__;
{
#else
void *yynodealloc(size__)
unsigned int size__;
{
	YYNODESTATE *state__ = &fixed_state__;
#endif
	struct YYNODESTATE_block *block__;
	void *result__;

	/* Round the size to the next alignment boundary */
	size__ = (size__ + YYNODESTATE_ALIGNMENT - 1) &
				~(YYNODESTATE_ALIGNMENT - 1);

	/* Do we need to allocate a new block? */
	block__ = state__->blocks__;
	if(!block__ || (state__->used__ + size__) > YYNODESTATE_BLKSIZ)
	{
		if(size__ > YYNODESTATE_BLKSIZ)
		{
			/* The allocation is too big for the node pool */
			return (void *)0;
		}
		block__ = (struct YYNODESTATE_block *)
						malloc(sizeof(struct YYNODESTATE_block));
		if(!block__)
		{
			/* The system is out of memory.  The programmer can
			   supply the "yynodefailed" function to report the
			   out of memory state and/or abort the program */
#ifdef YYNODESTATE_REENTRANT
			yynodefailed(state__);
#else
			yynodefailed();
#endif
			return (void *)0;
		}
		block__->next__ = state__->blocks__;
		state__->blocks__ = block__;
		state__->used__ = 0;
	}

	/* Allocate the memory and return it */
	result__ = (void *)(block__->data__ + state__->used__);
	state__->used__ += size__;
	return result__;
}

/*
 * Push the node allocation state.
 */
#ifdef YYNODESTATE_REENTRANT
int yynodepush(state__)
YYNODESTATE *state__;
{
#else
int yynodepush()
{
	YYNODESTATE *state__ = &fixed_state__;
#endif
	struct YYNODESTATE_block *saved_block__;
	int saved_used__;
	struct YYNODESTATE_push *push_item__;

	/* Save the current state of the node allocation pool */
	saved_block__ = state__->blocks__;
	saved_used__ = state__->used__;

	/* Allocate space for a push item */
#ifdef YYNODESTATE_REENTRANT
	push_item__ = (struct YYNODESTATE_push *)
			yynodealloc(state__, sizeof(struct YYNODESTATE_push));
#else
	push_item__ = (struct YYNODESTATE_push *)
			yynodealloc(sizeof(struct YYNODESTATE_push));
#endif
	if(!push_item__)
	{
		return 0;
	}

	/* Copy the saved information to the push item */
	push_item__->saved_block__ = saved_block__;
	push_item__->saved_used__ = saved_used__;

	/* Add the push item to the push stack */
	push_item__->next__ = state__->push_stack__;
	state__->push_stack__ = push_item__;
	return 1;
}

/*
 * Pop the node allocation state.
 */
#ifdef YYNODESTATE_REENTRANT
void yynodepop(state__)
YYNODESTATE *state__;
{
#else
void yynodepop()
{
	YYNODESTATE *state__ = &fixed_state__;
#endif
	struct YYNODESTATE_push *push_item__;
	struct YYNODESTATE_block *saved_block__;
	struct YYNODESTATE_block *temp_block__;

	/* Pop the top of the push stack */
	push_item__ = state__->push_stack__;
	if(push_item__ == 0)
	{
		saved_block__ = 0;
		state__->used__ = 0;
	}
	else
	{
		saved_block__ = push_item__->saved_block__;
		state__->used__ = push_item__->saved_used__;
		state__->push_stack__ = push_item__->next__;
	}

	/* Free unnecessary blocks */
	while(state__->blocks__ != saved_block__)
	{
		temp_block__ = state__->blocks__;
		state__->blocks__ = temp_block__->next__;
		free(temp_block__);
	}
}

/*
 * Clear the node allocation pool completely.
 */
#ifdef YYNODESTATE_REENTRANT
void yynodeclear(state__)
YYNODESTATE *state__;
{
#else
void yynodeclear()
{
	YYNODESTATE *state__ = &fixed_state__;
#endif
	struct YYNODESTATE_block *temp_block__;
	while(state__->blocks__ != 0)
	{
		temp_block__ = state__->blocks__;
		state__->blocks__ = temp_block__->next__;
		free(temp_block__);
	}
	state__->push_stack__ = 0;
	state__->used__ = 0;
}
#line 270 "output.c"
void coerce_split_0__(C x, C y)
{
	switch(y)
	{
		case D:
		{
#line 11 "output15.tst"
			{
				printf("Hello 1\n");
			}
#line 281 "output.c"
		}
		break;

		case E:
		{
#line 15 "output15.tst"
			{
				printf("Hello 2\n");
			}
#line 291 "output.c"
		}
		break;

		case F:
		{
#line 15 "output15.tst"
			{
				printf("Hello 2\n");
			}
#line 301 "output.c"
		}
		break;

		case G:
		{
#line 15 "output15.tst"
			{
				printf("Hello 2\n");
			}
#line 311 "output.c"
		}
		break;

		default: break;
	}
}

void coerce_split_1__(C x, C y)
{
	switch(y)
	{
		case D:
		{
#line 19 "output15.tst"
			{
				printf("Hello 3\n");
			}
#line 329 "output.c"
		}
		break;

		case E:
		{
#line 19 "output15.tst"
			{
				printf("Hello 3\n");
			}
#line 339 "output.c"
		}
		break;

		case F:
		{
#line 19 "output15.tst"
			{
				printf("Hello 3\n");
			}
#line 349 "output.c"
		}
		break;

		case G:
		{
#line 19 "output15.tst"
			{
				printf("Hello 3\n");
			}
#line 359 "output.c"
		}
		break;

		default: break;
	}
}

void coerce_split_2__(C x, C y)
{
	switch(y)
	{
		case D:
		{
#line 19 "output15.tst"
			{
				printf("Hello 3\n");
			}
#line 377 "output.c"
		}
		break;

		case E:
		{
#line 19 "output15.tst"
			{
				printf("Hello 3\n");
			}
#line 387 "output.c"
		}
		break;

		case F:
		{
#line 19 "output15.tst"
			{
				printf("Hello 3\n");
			}
#line 397 "output.c"
		}
		break;

		case G:
		{
#line 19 "output15.tst"
			{
				printf("Hello 3\n");
			}
#line 407 "output.c"
		}
		break;

		default: break;
	}
}

void coerce_split_3__(C x, C y)
{
	switch(y)
	{
		case D:
		{
#line 19 "output15.tst"
			{
				printf("Hello 3\n");
			}
#line 425 "output.c"
		}
		break;

		case E:
		{
#line 19 "output15.tst"
			{
				printf("Hello 3\n");
			}
#line 435 "output.c"
		}
		break;

		case F:
		{
#line 19 "output15.tst"
			{
				printf("Hello 3\n");
			}
#line 445 "output.c"
		}
		break;

		case G:
		{
#line 19 "output15.tst"
			{
				printf("Hello 3\n");
			}
#line 455 "output.c"
		}
		break;

		default: break;
	}
}

void coerce(C x, C y)
{
	switch(x)
	{
		case D:
		{
			coerce_split_0__(x, y);
		}
		break;

		case E:
		{
			coerce_split_1__(x, y);
		}
		break;

		case F:
		{
			coerce_split_2__(x, y);
		}
		break;

		case G:
		{
			coerce_split_3__(x, y);
		}
		break;

		default: break;
	}
}

struct yy_vtable__ {
	const struct yy_vtable__ *parent__;
	int kind__;
};

int yyisa__(const void *vtable__, int kind__)
{
	const struct yy_vtable__ *vt;
	vt = (const struct yy_vtable__ *)vtable__;
	while(vt != 0) {
		if(vt->kind__ == kind__)
			return 1;
		vt = vt->parent__;
	}
	return 0;
}

