line 3: %option kind_in_vtable
line 5: %node expression no_parent 6
line 7: %field type type_code no_value 1
line 10: %node binary expression 2
line 12: %field expr1 expression * no_value 0
line 13: %field expr2 expression * no_value 0
line 16: %node unary expression 2
line 19: %field expr expression * no_value 0
line 23: %node intnum expression 0
line 25: %field num int no_value 0
line 28: %node plus binary 0
line 29: %node minus binary 0
line 30: %node multiply binary 0
line 31: %node divide binary 0
line 32: %node negate unary 0
line 34: %node power binary 0
/* output.h.  Generated automatically by treecc */
#ifndef __yy_output_h
#define __yy_output_h

#ifdef __cplusplus
extern "C" {
#endif

#define expression_kind 1
#define binary_kind 2
#define unary_kind 3
#define intnum_kind 4
#define plus_kind 5
#define minus_kind 6
#define multiply_kind 7
#define divide_kind 8
#define power_kind 10
#define negate_kind 9

typedef struct expression__ expression;
typedef struct binary__ binary;
typedef struct unary__ unary;
typedef struct intnum__ intnum;
typedef struct plus__ plus;
typedef struct minus__ minus;
typedef struct multiply__ multiply;
typedef struct divide__ divide;
typedef struct power__ power;
typedef struct negate__ negate;

#line 1 "c_skel.h"
typedef struct
{
	struct YYNODESTATE_block *blocks__;
	struct YYNODESTATE_push *push_stack__;
	int used__;

} YYNODESTATE;
#line 40 "output.h"
struct expression__ {
	const struct expression_vtable__ *vtable__;
	char *filename__;
	long linenum__;
	type_code type;
};

struct expression_vtable__ {
	const void *parent__;
	int kind__;
	const char *name__;
};

extern struct expression_vtable__ const expression_vt__;

struct binary__ {
	const struct binary_vtable__ *vtable__;
	char *filename__;
	long linenum__;
	type_code type;
	expression * expr1;
	expression * expr2;
};

struct binary_vtable__ {
	const struct expression_vtable__ *parent__;
	int kind__;
	const char *name__;
};

extern struct binary_vtable__ const binary_vt__;

struct unary__ {
	const struct unary_vtable__ *vtable__;
	char *filename__;
	long linenum__;
	type_code type;
	expression * expr;
};

struct unary_vtable__ {
	const struct expression_vtable__ *parent__;
	int kind__;
	const char *name__;
};

extern struct unary_vtable__ const unary_vt__;

struct intnum__ {
	const struct intnum_vtable__ *vtable__;
	char *filename__;
	long linenum__;
	type_code type;
	int num;
};

struct intnum_vtable__ {
	const struct expression_vtable__ *parent__;
	int kind__;
	const char *name__;
};

extern struct intnum_vtable__ const intnum_vt__;

struct plus__ {
	const struct plus_vtable__ *vtable__;
	char *filename__;
	long linenum__;
	type_code type;
	expression * expr1;
	expression * expr2;
};

struct plus_vtable__ {
	const struct binary_vtable__ *parent__;
	int kind__;
	const char *name__;
};

extern struct plus_vtable__ const plus_vt__;

struct minus__ {
	const struct minus_vtable__ *vtable__;
	char *filename__;
	long linenum__;
	type_code type;
	expression * expr1;
	expression * expr2;
};

struct minus_vtable__ {
	const struct binary_vtable__ *parent__;
	int kind__;
	const char *name__;
};

extern struct minus_vtable__ const minus_vt__;

struct multiply__ {
	const struct multiply_vtable__ *vtable__;
	char *filename__;
	long linenum__;
	type_code type;
	expression * expr1;
	expression * expr2;
};

struct multiply_vtable__ {
	const struct binary_vtable__ *parent__;
	int kind__;
	const char *name__;
};

extern struct multiply_vtable__ const multiply_vt__;

struct divide__ {
	const struct divide_vtable__ *vtable__;
	char *filename__;
	long linenum__;
	type_code type;
	expression * expr1;
	expression * expr2;
};

struct divide_vtable__ {
	const struct binary_vtable__ *parent__;
	int kind__;
	const char *name__;
};

extern struct divide_vtable__ const divide_vt__;

struct power__ {
	const struct power_vtable__ *vtable__;
	char *filename__;
	long linenum__;
	type_code type;
	expression * expr1;
	expression * expr2;
};

struct power_vtable__ {
	const struct binary_vtable__ *parent__;
	int kind__;
	const char *name__;
};

extern struct power_vtable__ const power_vt__;

struct negate__ {
	const struct negate_vtable__ *vtable__;
	char *filename__;
	long linenum__;
	type_code type;
	expression * expr;
};

struct negate_vtable__ {
	const struct unary_vtable__ *parent__;
	int kind__;
	const char *name__;
};

extern struct negate_vtable__ const negate_vt__;

extern expression *intnum_create(int num);
extern expression *plus_create(expression * expr1, expression * expr2);
extern expression *minus_create(expression * expr1, expression * expr2);
extern expression *multiply_create(expression * expr1, expression * expr2);
extern expression *divide_create(expression * expr1, expression * expr2);
extern expression *power_create(expression * expr1, expression * expr2);
extern expression *negate_create(expression * expr);


#ifndef yykind
#define yykind(node__) ((node__)->vtable__->kind__)
#endif

#ifndef yykindname
#define yykindname(node__) ((node__)->vtable__->name__)
#endif

#ifndef yykindof
#define yykindof(type__) (type__##_kind)
#endif

#ifndef yyisa
extern int yyisa__(const void *vtable__, int kind__);
#define yyisa(node__,type__) \
	(yyisa__((node__)->vtable__, (type__##_kind)))
#endif

#ifndef yygetfilename
#define yygetfilename(node__) ((node__)->filename__)
#endif

#ifndef yygetlinenum
#define yygetlinenum(node__) ((node__)->linenum__)
#endif

#ifndef yysetfilename
#define yysetfilename(node__, value__) \
	((node__)->filename__ = (value__))
#endif

#ifndef yysetlinenum
#define yysetlinenum(node__, value__) \
	((node__)->linenum__ = (value__))
#endif

#ifndef yytracklines_declared
extern char *yycurrfilename(void);
extern long yycurrlinenum(void);
#define yytracklines_declared 1
#endif

#ifndef yynodeops_declared
extern void yynodeinit(void);
extern void *yynodealloc(unsigned int size__);
extern int yynodepush(void);
extern void yynodepop(void);
extern void yynodeclear(void);
extern void yynodefailed(void);
#define yynodeops_declared 1
#endif

#ifdef __cplusplus
};
#endif

#endif
/* output.c.  Generated automatically by treecc */

#define YYNODESTATE_TRACK_LINES 1
#line 1 "c_skel.c"
/*
 * treecc node allocation routines for C.
 *
 * Copyright (C) 2001  Southern Storm Software, Pty Ltd.
 *
 * This program is free software; you can redistribute it and/or modify
 * it under the terms of the GNU General Public License as published by
 * the Free Software Foundation; either version 2 of the License, or
 * (at your option) any later version.
 *
 * This program is distributed in the hope that it will be useful,
 * but WITHOUT ANY WARRANTY; without even the implied warranty of
 * MERCHANTABILITY or FITNESS FOR A PARTICULAR PURPOSE.  See the
 * GNU General Public License for more details.
 *
 * You should have received a copy of the GNU General Public License
 * along with this program; if not, write to the Free Software
 * Foundation, Inc., 59 Temple Place, Suite 330, Boston, MA  02111-1307  USA
 *
 * As a special exception, when this file is copied by treecc into
 * a treecc output file, you may use that output file without restriction.
 */

#include <stdlib.h>

#ifndef YYNODESTATE_BLKSIZ
#define	YYNODESTATE_BLKSIZ	2048
#endif

/*
 * Types used by the allocation routines.
 */
struct YYNODESTATE_block
{
	char data__[YYNODESTATE_BLKSIZ];
	struct YYNODESTATE_block *next__;

};
struct YYNODESTATE_push
{
	struct YYNODESTATE_push *next__;
	struct YYNODESTATE_block *saved_block__;
	int saved_used__;
};

/*
 * The fixed global state to use for non-reentrant allocation.
 */
#ifndef YYNODESTATE_REENTRANT
static YYNODESTATE fixed_state__;
#endif

/*
 * Some macro magic to determine the default alignment
 * on this machine.  This will compile down to a constant.
 */
#define	YYNODESTATE_ALIGN_CHECK_TYPE(type,name)	\
	struct _YYNODESTATE_align_##name { \
		char pad; \
		type field; \
	}
#define	YYNODESTATE_ALIGN_FOR_TYPE(type)	\
	((unsigned)(&(((struct _YYNODESTATE_align_##type *)0)->field)))
#define	YYNODESTATE_ALIGN_MAX(a,b)	\
	((a) > (b) ? (a) : (b))
#define	YYNODESTATE_ALIGN_MAX3(a,b,c) \
	(YYNODESTATE_ALIGN_MAX((a), YYNODESTATE_ALIGN_MAX((b), (c))))
YYNODESTATE_ALIGN_CHECK_TYPE(int, int);
YYNODESTATE_ALIGN_CHECK_TYPE(long, long);
#if defined(WIN32) && !defined(__CYGWIN__)
YYNODESTATE_ALIGN_CHECK_TYPE(__int64, long_long);
#else
YYNODESTATE_ALIGN_CHECK_TYPE(long long, long_long);
#endif
YYNODESTATE_ALIGN_CHECK_TYPE(void *, void_p);
YYNODESTATE_ALIGN_CHECK_TYPE(float, float);
YYNODESTATE_ALIGN_CHECK_TYPE(double, double);
#define	YYNODESTATE_ALIGNMENT	\
	YYNODESTATE_ALIGN_MAX( \
			YYNODESTATE_ALIGN_MAX3	\
			(YYNODESTATE_ALIGN_FOR_TYPE(int), \
		     YYNODESTATE_ALIGN_FOR_TYPE(long), \
			 YYNODESTATE_ALIGN_FOR_TYPE(long_long)), \
  	     YYNODESTATE_ALIGN_MAX3 \
		 	(YYNODESTATE_ALIGN_FOR_TYPE(void_p), \
			 YYNODESTATE_ALIGN_FOR_TYPE(float), \
			 YYNODESTATE_ALIGN_FOR_TYPE(double)))

/*
 * Initialize the node allocation pool.
 */
#ifdef YYNODESTATE_REENTRANT
void yynodeinit(state__)
YYNODESTATE *state__;
{
#else
void yynodeinit()
{
	YYNODESTATE *state__ = &fixed_state__;
#endif
	state__->blocks__ = 0;
	state__->push_stack__ = 0;
	state__->used__ = 0;
}

/*
 * Allocate a block of memory.
 */
#ifdef YYNODESTATE_REENTRANT
void *yynodealloc(state__, size__)
YYNODESTATE *state__;
unsigned int size__;
{
#else
void *yynodealloc(size__)
unsigned int size__;
{
	YYNODESTATE *state__ = &fixed_state__;
#endif
	struct YYNODESTATE_block *block__;
	void *result__;

	/* Round the size to the next alignment boundary */
	size__ = (size__ + YYNODESTATE_ALIGNMENT - 1) &
				~(YYNODESTATE_ALIGNMENT - 1);

	/* Do we need to allocate a new block? */
	block__ = state__->blocks__;
	if(!block__ || (state__->used__ + size__) > YYNODESTATE_BLKSIZ)
	{
		if(size__ > YYNODESTATE_BLKSIZ)
		{
			/* The allocation is too big for the node pool */
			return (void *)0;
		}
		block__ = (struct YYNODESTATE_block *)
						malloc(sizeof(struct YYNODESTATE_block));
		if(!block__)
		{
			/* The system is out of memory.  The programmer can
			   supply the "yynodefailed" function to report the
			   out of memory state and/or abort the program */
#ifdef YYNODESTATE_REENTRANT
			yynodefailed(state__);
#else
			yynodefailed();
#endif
			return (void *)0;
		}
		block__->next__ = state__->blocks__;
		state__->blocks__ = block__;
		state__->used__ = 0;
	}

	/* Allocate the memory and return it */
	result__ = (void *)(block__->data__ + state__->used__);
	state__->used__ += size__;
	return result__;
}

/*
 * Push the node allocation state.
 */
#ifdef YYNODESTATE_REENTRANT
int yynodepush(state__)
YYNODESTATE *state__;
{
#else
int yynodepush()
{
	YYNODESTATE *state__ = &fixed_state__;
#endif
	struct YYNODESTATE_block *saved_block__;
	int saved_used__;
	struct YYNODESTATE_push *push_item__;

	/* Save the current state of the node allocation pool */
	saved_block__ = state__->blocks__;
	saved_used__ = state__->used__;

	/* Allocate space for a push item */
#ifdef YYNODESTATE_REENTRANT
	push_item__ = (struct YYNODESTATE_push *)
			yynodealloc(state__, sizeof(struct YYNODESTATE_push));
#else
	push_item__ = (struct YYNODESTATE_push *)
			yynodealloc(sizeof(struct YYNODESTATE_push));
#endif
	if(!push_item__)
	{
		return 0;
	}

	/* Copy the saved information to the push item */
	push_item__->saved_block__ = saved_block__;
	push_item__->saved_used__ = saved_used__;

	/* Add the push item to the push stack */
	push_item__->next__ = state__->push_stack__;
	state__->push_stack__ = push_item__;
	return 1;
}

/*
 * Pop the node allocation state.
 */
#ifdef YYNODESTATE_REENTRANT
void yynodepop(state__)
YYNODESTATE *state__;
{
#else
void yynodepop()
{
	YYNODESTATE *state__ = &fixed_state__;
#endif
	struct YYNODESTATE_push *push_item__;
	struct YYNODESTATE_block *saved_block__;
	struct YYNODESTATE_block *temp_block__;

	/* Pop the top of the push stack */
	push_item__ = state__->push_stack__;
	if(push_item__ == 0)
	{
		saved_block__ = 0;
		state__->used__ = 0;
	}
	else
	{
		saved_block__ = push_item__->saved_block__;
		state__->used__ = push_item__->saved_used__;
		state__->push_stack__ = push_item__->next__;
	}

	/* Free unnecessary blocks */
	while(state__->blocks__ != saved_block__)
	{
		temp_block__ = state__->blocks__;
		state__->blocks__ = temp_block__->next__;
		free(temp_block__);
	}
}

/*
 * Clear the node allocation pool completely.
 */
#ifdef YYNODESTATE_REENTRANT
void yynodeclear(state__)
YYNODESTATE *state__;
{
#else
void yynodeclear()
{
	YYNODESTATE *state__ = &fixed_state__;
#endif
	struct YYNODESTATE_block *temp_block__;
	while(state__->blocks__ != 0)
	{
		temp_block__ = state__->blocks__;
		state__->blocks__ = temp_block__->next__;
		free(temp_block__);
	}
	state__->push_stack__ = 0;
	state__->used__ = 0;
}
#line 270 "output.c"
struct expression_vtable__ const expression_vt__ = {
	0,
	expression_kind,
	"expression",
};

struct binary_vtable__ const binary_vt__ = {
	&expression_vt__,
	binary_kind,
	"binary",
};

struct unary_vtable__ const unary_vt__ = {
	&expression_vt__,
	unary_kind,
	"unary",
};

struct intnum_vtable__ const intnum_vt__ = {
	&expression_vt__,
	intnum_kind,
	"intnum",
};

struct plus_vtable__ const plus_vt__ = {
	&binary_vt__,
	plus_kind,
	"plus",
};

struct minus_vtable__ const minus_vt__ = {
	&binary_vt__,
	minus_kind,
	"minus",
};

struct multiply_vtable__ const multiply_vt__ = {
	&binary_vt__,
	multiply_kind,
	"multiply",
};

struct divide_vtable__ const divide_vt__ = {
	&binary_vt__,
	divide_kind,
	"divide",
};

struct power_vtable__ const power_vt__ = {
	&binary_vt__,
	power_kind,
	"power",
};

struct negate_vtable__ const negate_vt__ = {
	&unary_vt__,
	negate_kind,
	"negate",
};

expression *intnum_create(int num)
{
	intnum *node__ = (intnum *)yynodealloc(sizeof(struct intnum__));
	if(node__ == 0) return 0;
	node__->vtable__ = &intnum_vt__;
	node__->filename__ = yycurrfilename();
	node__->linenum__ = yycurrlinenum();
	node__->num = num;
	return (expression *)node__;
}

expression *plus_create(expression * expr1, expression * expr2)
{
	plus *node__ = (plus *)yynodealloc(sizeof(struct plus__));
	if(node__ == 0) return 0;
	node__->vtable__ = &plus_vt__;
	node__->filename__ = yycurrfilename();
	node__->linenum__ = yycurrlinenum();
	node__->expr1 = expr1;
	node__->expr2 = expr2;
	return (expression *)node__;
}

expression *minus_create(expression * expr1, expression * expr2)
{
	minus *node__ = (minus *)yynodealloc(sizeof(struct minus__));
	if(node__ == 0) return 0;
	node__->vtable__ = &minus_vt__;
	node__->filename__ = yycurrfilename();
	node__->linenum__ = yycurrlinenum();
	node__->expr1 = expr1;
	node__->expr2 = expr2;
	return (expression *)node__;
}

expression *multiply_create(expression * expr1, expression * expr2)
{
	multiply *node__ = (multiply *)yynodealloc(sizeof(struct multiply__));
	if(node__ == 0) return 0;
	node__->vtable__ = &multiply_vt__;
	node__->filename__ = yycurrfilename();
	node__->linenum__ = yycurrlinenum();
	node__->expr1 = expr1;
	node__->expr2 = expr2;
	return (expression *)node__;
}

expression *divide_create(expression * expr1, expression * expr2)
{
	divide *node__ = (divide *)yynodealloc(sizeof(struct divide__));
	if(node__ == 0) return 0;
	node__->vtable__ = &divide_vt__;
	node__->filename__ = yycurrfilename();
	node__->linenum__ = yycurrlinenum();
	node__->expr1 = expr1;
	node__->expr2 = expr2;
	return (expression *)node__;
}

expression *power_create(expression * expr1, expression * expr2)
{
	power *node__ = (power *)yynodealloc(sizeof(struct power__));
	if(node__ == 0) return 0;
	node__->vtable__ = &power_vt__;
	node__->filename__ = yycurrfilename();
	node__->linenum__ = yycurrlinenum();
	node__->expr1 = expr1;
	node__->expr2 = expr2;
	return (expression *)node__;
}

expression *negate_create(expression * expr)
{
	negate *node__ = (negate *)yynodealloc(sizeof(struct negate__));
	if(node__ == 0) return 0;
	node__->vtable__ = &negate_vt__;
	node__->filename__ = yycurrfilename();
	node__->linenum__ = yycurrlinenum();
	node__->expr = expr;
	return (expression *)node__;
}

struct yy_vtable__ {
	const struct yy_vtable__ *parent__;
	int kind__;
};

int yyisa__(const void *vtable__, int kind__)
{
	const struct yy_vtable__ *vt;
	vt = (const struct yy_vtable__ *)vtable__;
	while(vt != 0) {
		if(vt->kind__ == kind__)
			return 1;
		vt = vt->parent__;
	}
	return 0;
}

