line 2: %literal 1  xyz 
line 3: %literal 2  xyz 
line 4: %literal 3  xyz 
line 5: %literal 5  xyz 
line 6: %literal 6  xyz 
line 7: %literal 3  xyz 
line 8: %literal 5  xyz

