Next alarm after 2006-06-20 02:00:00 daily at 7, twice at 2006-06-20 06:50:00
2006-06-20 02:00:00 until 2006-06-20 02:59:59
Next alarm after 2006-06-20 03:00:00 daily at 7, twice at 2006-06-20 06:50:00
2006-06-20 03:00:00 until 2006-06-20 03:59:59
Next alarm after 2006-06-20 04:00:00 daily at 7, twice at 2006-06-20 06:50:00
2006-06-20 04:00:00 until 2006-06-20 04:59:59
Next alarm after 2006-06-20 05:00:00 daily at 7, twice at 2006-06-20 06:50:00
2006-06-20 05:00:00 until 2006-06-20 05:59:59
Next alarm after 2006-06-20 06:00:00 daily at 7, twice at 2006-06-20 06:50:00
2006-06-20 06:00:00 until 2006-06-20 06:59:59
2006-06-20 07:00:00: daily at 7, twice
Next alarm after 2006-06-20 07:00:00 once at 7:10 at 2006-06-20 07:00:00
2006-06-20 07:00:00 until 2006-06-20 07:59:59
2006-06-20 07:10:00: once at 7:10
Next alarm after 2006-06-20 08:00:00 daily at 7, twice at 2006-06-21 06:50:00
2006-06-20 08:00:00 until 2006-06-20 08:59:59
Next alarm after 2006-06-20 09:00:00 daily at 7, twice at 2006-06-21 06:50:00
2006-06-20 09:00:00 until 2006-06-20 09:59:59
Next alarm after 2006-06-20 10:00:00 daily at 7, twice at 2006-06-21 06:50:00
2006-06-20 10:00:00 until 2006-06-20 10:59:59
Next alarm after 2006-06-20 11:00:00 daily at 7, twice at 2006-06-21 06:50:00
2006-06-20 11:00:00 until 2006-06-20 11:59:59
Next alarm after 2006-06-20 12:00:00 daily at 7, twice at 2006-06-21 06:50:00
2006-06-20 12:00:00 until 2006-06-20 12:59:59
Next alarm after 2006-06-20 13:00:00 daily at 7, twice at 2006-06-21 06:50:00
2006-06-20 13:00:00 until 2006-06-20 13:59:59
Next alarm after 2006-06-20 14:00:00 daily at 7, twice at 2006-06-21 06:50:00
2006-06-20 14:00:00 until 2006-06-20 14:59:59
Next alarm after 2006-06-20 15:00:00 daily at 7, twice at 2006-06-21 06:50:00
2006-06-20 15:00:00 until 2006-06-20 15:59:59
Next alarm after 2006-06-20 16:00:00 daily at 7, twice at 2006-06-21 06:50:00
2006-06-20 16:00:00 until 2006-06-20 16:59:59
Next alarm after 2006-06-20 17:00:00 daily at 7, twice at 2006-06-21 06:50:00
2006-06-20 17:00:00 until 2006-06-20 17:59:59
Next alarm after 2006-06-20 18:00:00 daily at 7, twice at 2006-06-21 06:50:00
2006-06-20 18:00:00 until 2006-06-20 18:59:59
Next alarm after 2006-06-20 19:00:00 daily at 7, twice at 2006-06-21 06:50:00
2006-06-20 19:00:00 until 2006-06-20 19:59:59
Next alarm after 2006-06-20 20:00:00 daily at 7, twice at 2006-06-21 06:50:00
2006-06-20 20:00:00 until 2006-06-20 20:59:59
Next alarm after 2006-06-20 21:00:00 daily at 7, twice at 2006-06-21 06:50:00
2006-06-20 21:00:00 until 2006-06-20 21:59:59
Next alarm after 2006-06-20 22:00:00 daily at 7, twice at 2006-06-21 06:50:00
2006-06-20 22:00:00 until 2006-06-20 22:59:59
Next alarm after 2006-06-20 23:00:00 daily at 7, twice at 2006-06-21 06:50:00
2006-06-20 23:00:00 until 2006-06-20 23:59:59
Next alarm after 2006-06-21 00:00:00 daily at 7, twice at 2006-06-21 06:50:00
2006-06-21 00:00:00 until 2006-06-21 00:59:59
Next alarm after 2006-06-21 01:00:00 daily at 7, twice at 2006-06-21 06:50:00
2006-06-21 01:00:00 until 2006-06-21 01:59:59
Next alarm after 2006-06-21 02:00:00 daily at 7, twice at 2006-06-21 06:50:00
2006-06-21 02:00:00 until 2006-06-21 02:59:59
Next alarm after 2006-06-21 03:00:00 daily at 7, twice at 2006-06-21 06:50:00
2006-06-21 03:00:00 until 2006-06-21 03:59:59
Next alarm after 2006-06-21 04:00:00 daily at 7, twice at 2006-06-21 06:50:00
2006-06-21 04:00:00 until 2006-06-21 04:59:59
Next alarm after 2006-06-21 05:00:00 daily at 7, twice at 2006-06-21 06:50:00
2006-06-21 05:00:00 until 2006-06-21 05:59:59
Next alarm after 2006-06-21 06:00:00 daily at 7, twice at 2006-06-21 06:50:00
2006-06-21 06:00:00 until 2006-06-21 06:59:59
2006-06-21 07:00:00: daily at 7, twice
Next alarm after 2006-06-21 07:00:00 none
2006-06-21 07:00:00 until 2006-06-21 07:59:59
Next alarm after 2006-06-21 08:00:00 none
2006-06-21 08:00:00 until 2006-06-21 08:59:59
Next alarm after 2006-06-21 09:00:00 none
2006-06-21 09:00:00 until 2006-06-21 09:59:59
Next alarm after 2006-06-21 10:00:00 none
2006-06-21 10:00:00 until 2006-06-21 10:59:59
Next alarm after 2006-06-21 11:00:00 none
2006-06-21 11:00:00 until 2006-06-21 11:59:59
Next alarm after 2006-06-21 12:00:00 none
2006-06-21 12:00:00 until 2006-06-21 12:59:59
Next alarm after 2006-06-21 13:00:00 none
2006-06-21 13:00:00 until 2006-06-21 13:59:59
Next alarm after 2006-06-21 14:00:00 none
2006-06-21 14:00:00 until 2006-06-21 14:59:59
Next alarm after 2006-06-21 15:00:00 none
2006-06-21 15:00:00 until 2006-06-21 15:59:59
Next alarm after 2006-06-21 16:00:00 none
2006-06-21 16:00:00 until 2006-06-21 16:59:59
Next alarm after 2006-06-21 17:00:00 none
2006-06-21 17:00:00 until 2006-06-21 17:59:59
Next alarm after 2006-06-21 18:00:00 none
2006-06-21 18:00:00 until 2006-06-21 18:59:59
Next alarm after 2006-06-21 19:00:00 none
2006-06-21 19:00:00 until 2006-06-21 19:59:59
Next alarm after 2006-06-21 20:00:00 none
2006-06-21 20:00:00 until 2006-06-21 20:59:59
Next alarm after 2006-06-21 21:00:00 none
2006-06-21 21:00:00 until 2006-06-21 21:59:59
Next alarm after 2006-06-21 22:00:00 none
2006-06-21 22:00:00 until 2006-06-21 22:59:59
Next alarm after 2006-06-21 23:00:00 none
2006-06-21 23:00:00 until 2006-06-21 23:59:59
Next alarm after 2006-06-22 00:00:00 none
2006-06-22 00:00:00 until 2006-06-22 00:59:59
Next alarm after 2006-06-22 01:00:00 none
2006-06-22 01:00:00 until 2006-06-22 01:59:59
Next alarm after 2006-06-22 02:00:00 none
2006-06-22 02:00:00 until 2006-06-22 02:59:59
Next alarm after 2006-06-22 03:00:00 none
2006-06-22 03:00:00 until 2006-06-22 03:59:59
Next alarm after 2006-06-22 04:00:00 none
2006-06-22 04:00:00 until 2006-06-22 04:59:59
Next alarm after 2006-06-22 05:00:00 none
2006-06-22 05:00:00 until 2006-06-22 05:59:59
Next alarm after 2006-06-22 06:00:00 none
2006-06-22 06:00:00 until 2006-06-22 06:59:59
Next alarm after 2006-06-22 07:00:00 none
2006-06-22 07:00:00 until 2006-06-22 07:59:59
Next alarm after 2006-06-22 08:00:00 none
2006-06-22 08:00:00 until 2006-06-22 08:59:59
Next alarm after 2006-06-22 09:00:00 none
2006-06-22 09:00:00 until 2006-06-22 09:59:59
Next alarm after 2006-06-22 10:00:00 none
2006-06-22 10:00:00 until 2006-06-22 10:59:59
Next alarm after 2006-06-22 11:00:00 none
2006-06-22 11:00:00 until 2006-06-22 11:59:59
Next alarm after 2006-06-22 12:00:00 none
2006-06-22 12:00:00 until 2006-06-22 12:59:59
Next alarm after 2006-06-22 13:00:00 none
2006-06-22 13:00:00 until 2006-06-22 13:59:59
Next alarm after 2006-06-22 14:00:00 none
2006-06-22 14:00:00 until 2006-06-22 14:59:59
Next alarm after 2006-06-22 15:00:00 none
2006-06-22 15:00:00 until 2006-06-22 15:59:59
Next alarm after 2006-06-22 16:00:00 none
2006-06-22 16:00:00 until 2006-06-22 16:59:59
Next alarm after 2006-06-22 17:00:00 none
2006-06-22 17:00:00 until 2006-06-22 17:59:59
Next alarm after 2006-06-22 18:00:00 none
2006-06-22 18:00:00 until 2006-06-22 18:59:59
Next alarm after 2006-06-22 19:00:00 none
2006-06-22 19:00:00 until 2006-06-22 19:59:59
Next alarm after 2006-06-22 20:00:00 none
2006-06-22 20:00:00 until 2006-06-22 20:59:59
Next alarm after 2006-06-22 21:00:00 none
2006-06-22 21:00:00 until 2006-06-22 21:59:59
Next alarm after 2006-06-22 22:00:00 none
2006-06-22 22:00:00 until 2006-06-22 22:59:59
Next alarm after 2006-06-22 23:00:00 none
2006-06-22 23:00:00 until 2006-06-22 23:59:59
Next alarm after 2006-06-23 00:00:00 none
2006-06-23 00:00:00 until 2006-06-23 00:59:59
Next alarm after 2006-06-23 01:00:00 none
2006-06-23 01:00:00 until 2006-06-23 01:59:59
Next alarm after 2006-06-23 02:00:00 none
2006-06-23 02:00:00 until 2006-06-23 02:59:59
Next alarm after 2006-06-23 03:00:00 none
2006-06-23 03:00:00 until 2006-06-23 03:59:59
Next alarm after 2006-06-23 04:00:00 none
2006-06-23 04:00:00 until 2006-06-23 04:59:59
Next alarm after 2006-06-23 05:00:00 none
2006-06-23 05:00:00 until 2006-06-23 05:59:59
Next alarm after 2006-06-23 06:00:00 none
2006-06-23 06:00:00 until 2006-06-23 06:59:59
