2006-06-20 23:59:25
2006-06-20 23:59:26
2006-06-20 23:59:27
2006-06-20 23:59:28
2006-06-20 23:59:29
2006-06-20 23:59:30
2006-06-20 23:59:30: timed event
2006-06-20 23:59:31
2006-06-20 23:59:30: timed event
2006-06-20 23:59:32
2006-06-20 23:59:30: timed event
2006-06-20 23:59:33
2006-06-20 23:59:30: timed event
2006-06-20 23:59:34
2006-06-20 23:59:30: timed event
2006-06-20 23:59:35
2006-06-20 23:59:30: timed event
2006-06-20 23:59:36
2006-06-20 23:59:30: timed event
2006-06-20 23:59:37
2006-06-20 23:59:30: timed event
2006-06-20 23:59:38
2006-06-20 23:59:30: timed event
2006-06-20 23:59:39
2006-06-20 23:59:30: timed event
2006-06-20 23:59:40
2006-06-20 23:59:30: timed event
2006-06-20 23:59:41
2006-06-20 23:59:30: timed event
2006-06-20 23:59:42
2006-06-20 23:59:30: timed event
2006-06-20 23:59:43
2006-06-20 23:59:30: timed event
2006-06-20 23:59:44
2006-06-20 23:59:30: timed event
2006-06-20 23:59:45
2006-06-20 23:59:30: timed event
2006-06-20 23:59:46
2006-06-20 23:59:30: timed event
2006-06-20 23:59:47
2006-06-20 23:59:30: timed event
2006-06-20 23:59:48
2006-06-20 23:59:30: timed event
2006-06-20 23:59:49
2006-06-20 23:59:30: timed event
2006-06-20 23:59:50
2006-06-20 23:59:30: timed event
2006-06-20 23:59:51
2006-06-20 23:59:30: timed event
2006-06-20 23:59:52
2006-06-20 23:59:30: timed event
2006-06-20 23:59:53
2006-06-20 23:59:30: timed event
2006-06-20 23:59:54
2006-06-20 23:59:30: timed event
2006-06-20 23:59:55
2006-06-20 23:59:30: timed event
2006-06-20 23:59:56
2006-06-20 23:59:30: timed event
2006-06-20 23:59:57
2006-06-20 23:59:30: timed event
2006-06-20 23:59:58
2006-06-20 23:59:30: timed event
2006-06-20 23:59:59
2006-06-20 23:59:30: timed event
2006-06-21 00:00:00
2006-06-20 23:59:30: timed event
2006-06-21 00:00:00: untimed event
2006-06-21 00:00:01
2006-06-20 23:59:30: timed event
2006-06-21 00:00:00: untimed event
2006-06-21 00:00:02
2006-06-20 23:59:30: timed event
2006-06-21 00:00:00: untimed event
2006-06-21 00:00:03
2006-06-20 23:59:30: timed event
2006-06-21 00:00:00: untimed event
2006-06-21 00:00:04
2006-06-20 23:59:30: timed event
2006-06-21 00:00:00: untimed event
2006-06-21 00:00:05
2006-06-20 23:59:30: timed event
2006-06-21 00:00:00: untimed event
2006-06-21 00:00:06
2006-06-20 23:59:30: timed event
2006-06-21 00:00:00: untimed event
2006-06-21 00:00:07
2006-06-20 23:59:30: timed event
2006-06-21 00:00:00: untimed event
2006-06-21 00:00:08
2006-06-20 23:59:30: timed event
2006-06-21 00:00:00: untimed event
2006-06-21 00:00:09
2006-06-20 23:59:30: timed event
2006-06-21 00:00:00: untimed event
2006-06-21 00:00:10
2006-06-20 23:59:30: timed event
2006-06-21 00:00:00: untimed event
2006-06-21 00:00:11
2006-06-20 23:59:30: timed event
2006-06-21 00:00:00: untimed event
2006-06-21 00:00:12
2006-06-20 23:59:30: timed event
2006-06-21 00:00:00: untimed event
2006-06-21 00:00:13
2006-06-20 23:59:30: timed event
2006-06-21 00:00:00: untimed event
2006-06-21 00:00:14
2006-06-20 23:59:30: timed event
2006-06-21 00:00:00: untimed event
2006-06-21 00:00:15
2006-06-20 23:59:30: timed event
2006-06-21 00:00:00: untimed event
2006-06-21 00:00:16
2006-06-20 23:59:30: timed event
2006-06-21 00:00:00: untimed event
2006-06-21 00:00:17
2006-06-20 23:59:30: timed event
2006-06-21 00:00:00: untimed event
2006-06-21 00:00:18
2006-06-20 23:59:30: timed event
2006-06-21 00:00:00: untimed event
2006-06-21 00:00:19
2006-06-20 23:59:30: timed event
2006-06-21 00:00:00: untimed event
2006-06-21 00:00:20
2006-06-20 23:59:30: timed event
2006-06-21 00:00:00: untimed event
2006-06-21 00:00:21
2006-06-20 23:59:30: timed event
2006-06-21 00:00:00: untimed event
2006-06-21 00:00:22
2006-06-20 23:59:30: timed event
2006-06-21 00:00:00: untimed event
2006-06-21 00:00:23
2006-06-20 23:59:30: timed event
2006-06-21 00:00:00: untimed event
2006-06-21 00:00:24
2006-06-20 23:59:30: timed event
2006-06-21 00:00:00: untimed event
2006-06-21 00:00:25
2006-06-20 23:59:30: timed event
2006-06-21 00:00:00: untimed event
2006-06-21 00:00:26
2006-06-20 23:59:30: timed event
2006-06-21 00:00:00: untimed event
2006-06-21 00:00:27
2006-06-20 23:59:30: timed event
2006-06-21 00:00:00: untimed event
2006-06-21 00:00:28
2006-06-20 23:59:30: timed event
2006-06-21 00:00:00: untimed event
2006-06-21 00:00:29
2006-06-20 23:59:30: timed event
2006-06-21 00:00:00: untimed event
2006-06-21 00:00:30
2006-06-21 00:00:00: untimed event
2006-06-21 00:00:31
2006-06-21 00:00:00: untimed event
2006-06-21 00:00:32
2006-06-21 00:00:00: untimed event
2006-06-21 00:00:33
2006-06-21 00:00:00: untimed event
2006-06-21 00:00:34
2006-06-21 00:00:00: untimed event
