Week -2: Wed 2006-06-07 until Tue 2006-06-13
Week -1: Wed 2006-06-14 until Tue 2006-06-20
Week 0: Wed 2006-06-21 until Tue 2006-06-27
Wed 2006-06-21: every 4 weeks, 10 occurrences
Fri 2006-06-23: untimed, S,M,F every 3 weeks until Wed 2006-08-30
Sun 2006-06-25: untimed, S,M,F every 3 weeks until Wed 2006-08-30
Mon 2006-06-26: untimed, S,M,F every 3 weeks until Wed 2006-08-30
Week 1: Wed 2006-06-28 until Tue 2006-07-04
Week 2: Wed 2006-07-05 until Tue 2006-07-11
Week 3: Wed 2006-07-12 until Tue 2006-07-18
Fri 2006-07-14: untimed, S,M,F every 3 weeks until Wed 2006-08-30
Sun 2006-07-16: untimed, S,M,F every 3 weeks until Wed 2006-08-30
Mon 2006-07-17: untimed, S,M,F every 3 weeks until Wed 2006-08-30
Week 4: Wed 2006-07-19 until Tue 2006-07-25
Wed 2006-07-19: every 4 weeks, 10 occurrences
Week 5: Wed 2006-07-26 until Tue 2006-08-01
Week 6: Wed 2006-08-02 until Tue 2006-08-08
Fri 2006-08-04: untimed, S,M,F every 3 weeks until Wed 2006-08-30
Sun 2006-08-06: untimed, S,M,F every 3 weeks until Wed 2006-08-30
Mon 2006-08-07: untimed, S,M,F every 3 weeks until Wed 2006-08-30
Week 7: Wed 2006-08-09 until Tue 2006-08-15
Week 8: Wed 2006-08-16 until Tue 2006-08-22
Wed 2006-08-16: every 4 weeks, 10 occurrences
Week 9: Wed 2006-08-23 until Tue 2006-08-29
Fri 2006-08-25: untimed, S,M,F every 3 weeks until Wed 2006-08-30
Sun 2006-08-27: untimed, S,M,F every 3 weeks until Wed 2006-08-30
Mon 2006-08-28: untimed, S,M,F every 3 weeks until Wed 2006-08-30
Week 10: Wed 2006-08-30 until Tue 2006-09-05
Week 11: Wed 2006-09-06 until Tue 2006-09-12
Week 12: Wed 2006-09-13 until Tue 2006-09-19
Wed 2006-09-13: every 4 weeks, 10 occurrences
Week 13: Wed 2006-09-20 until Tue 2006-09-26
Week 14: Wed 2006-09-27 until Tue 2006-10-03
Week 15: Wed 2006-10-04 until Tue 2006-10-10
Week 16: Wed 2006-10-11 until Tue 2006-10-17
Wed 2006-10-11: every 4 weeks, 10 occurrences
Week 17: Wed 2006-10-18 until Tue 2006-10-24
Week 18: Wed 2006-10-25 until Tue 2006-10-31
Week 19: Wed 2006-11-01 until Tue 2006-11-07
Week 20: Wed 2006-11-08 until Tue 2006-11-14
Wed 2006-11-08: every 4 weeks, 10 occurrences
Week 21: Wed 2006-11-15 until Tue 2006-11-21
Week 22: Wed 2006-11-22 until Tue 2006-11-28
Week 23: Wed 2006-11-29 until Tue 2006-12-05
Week 24: Wed 2006-12-06 until Tue 2006-12-12
Wed 2006-12-06: every 4 weeks, 10 occurrences
Week 25: Wed 2006-12-13 until Tue 2006-12-19
Week 26: Wed 2006-12-20 until Tue 2006-12-26
Week 27: Wed 2006-12-27 until Tue 2007-01-02
Week 28: Wed 2007-01-03 until Tue 2007-01-09
Wed 2007-01-03: every 4 weeks, 10 occurrences
Week 29: Wed 2007-01-10 until Tue 2007-01-16
Week 30: Wed 2007-01-17 until Tue 2007-01-23
Week 31: Wed 2007-01-24 until Tue 2007-01-30
Week 32: Wed 2007-01-31 until Tue 2007-02-06
Wed 2007-01-31: every 4 weeks, 10 occurrences
Week 33: Wed 2007-02-07 until Tue 2007-02-13
Week 34: Wed 2007-02-14 until Tue 2007-02-20
Week 35: Wed 2007-02-21 until Tue 2007-02-27
Week 36: Wed 2007-02-28 until Tue 2007-03-06
Wed 2007-02-28: every 4 weeks, 10 occurrences
Week 37: Wed 2007-03-07 until Tue 2007-03-13
Week 38: Wed 2007-03-14 until Tue 2007-03-20
Week 39: Wed 2007-03-21 until Tue 2007-03-27
Week 40: Wed 2007-03-28 until Tue 2007-04-03
Week 41: Wed 2007-04-04 until Tue 2007-04-10
Week 42: Wed 2007-04-11 until Tue 2007-04-17
Week 43: Wed 2007-04-18 until Tue 2007-04-24
Week 44: Wed 2007-04-25 until Tue 2007-05-01
Week 45: Wed 2007-05-02 until Tue 2007-05-08
Week 46: Wed 2007-05-09 until Tue 2007-05-15
Week 47: Wed 2007-05-16 until Tue 2007-05-22
Week 48: Wed 2007-05-23 until Tue 2007-05-29
Week 49: Wed 2007-05-30 until Tue 2007-06-05
Week 50: Wed 2007-06-06 until Tue 2007-06-12
Week 51: Wed 2007-06-13 until Tue 2007-06-19
