lookup: timed event
did not create event with duplicate eventid!
