2006-06-16 00:00:00 until 2006-06-17 23:59:59
2006-06-17 00:00:00 until 2006-06-18 23:59:59
2006-06-18 00:00:00 until 2006-06-19 23:59:59
2006-06-19 00:00:00 until 2006-06-20 23:59:59
2006-06-20 00:00:00 until 2006-06-21 23:59:59
2006-06-21 00:00:00: one
2006-06-21 23:50:00: two
2006-06-21 00:00:00 until 2006-06-22 23:59:59
2006-06-21 00:00:00: one
2006-06-21 23:50:00: two
2006-06-22 23:50:00: two
2006-06-22 00:00:00 until 2006-06-23 23:59:59
2006-06-22 23:50:00: two
2006-06-23 00:00:00: one
2006-06-23 23:50:00: two
2006-06-23 00:00:00 until 2006-06-24 23:59:59
2006-06-23 00:00:00: one
2006-06-23 23:50:00: two
2006-06-24 23:50:00: two
2006-06-24 00:00:00 until 2006-06-25 23:59:59
2006-06-24 23:50:00: two
2006-06-25 00:00:00: one
2006-06-25 23:50:00: two
2006-06-25 00:00:00 until 2006-06-26 23:59:59
2006-06-25 00:00:00: one
2006-06-25 23:50:00: two
2006-06-26 23:50:00: two
2006-06-26 00:00:00 until 2006-06-27 23:59:59
2006-06-26 23:50:00: two
2006-06-27 00:00:00: one
2006-06-27 23:50:00: two
2006-06-27 00:00:00 until 2006-06-28 23:59:59
2006-06-27 00:00:00: one
2006-06-27 23:50:00: two
2006-06-28 23:50:00: two
2006-06-28 00:00:00 until 2006-06-29 23:59:59
2006-06-28 23:50:00: two
2006-06-29 00:00:00: one
2006-06-29 23:50:00: two
2006-06-29 00:00:00 until 2006-06-30 23:59:59
2006-06-29 00:00:00: one
2006-06-29 23:50:00: two
2006-06-30 23:50:00: two
2006-06-30 00:00:00 until 2006-07-01 23:59:59
2006-06-30 23:50:00: two
2006-07-01 00:00:00: one
2006-07-01 00:00:00 until 2006-07-02 23:59:59
2006-07-01 00:00:00: one
2006-07-02 00:00:00 until 2006-07-03 23:59:59
2006-07-03 00:00:00: one
2006-07-03 00:00:00 until 2006-07-04 23:59:59
2006-07-03 00:00:00: one
2006-07-04 00:00:00 until 2006-07-05 23:59:59
2006-07-05 00:00:00: one
2006-07-05 00:00:00 until 2006-07-06 23:59:59
2006-07-05 00:00:00: one
2006-07-06 00:00:00 until 2006-07-07 23:59:59
2006-07-07 00:00:00: one
2006-07-07 00:00:00 until 2006-07-08 23:59:59
2006-07-07 00:00:00: one
2006-07-08 00:00:00 until 2006-07-09 23:59:59
2006-07-09 00:00:00: one
2006-07-09 00:00:00 until 2006-07-10 23:59:59
2006-07-09 00:00:00: one
2006-07-10 00:00:00 until 2006-07-11 23:59:59
2006-07-11 00:00:00 until 2006-07-12 23:59:59
2006-07-12 00:00:00 until 2006-07-13 23:59:59
2006-07-13 00:00:00 until 2006-07-14 23:59:59
2006-07-14 00:00:00 until 2006-07-15 23:59:59
2006-07-15 00:00:00 until 2006-07-16 23:59:59
