For day 0: Tue 2006-08-15
Tue 2006-08-15: MTWF, 8 occurrences
For day 1: Wed 2006-08-16
Wed 2006-08-16: MTWF, 8 occurrences
For day 2: Thu 2006-08-17
For day 3: Fri 2006-08-18
Fri 2006-08-18: MTWF, 8 occurrences
For day 4: Sat 2006-08-19
For day 5: Sun 2006-08-20
For day 6: Mon 2006-08-21
Mon 2006-08-21: MTWF, 8 occurrences
For day 7: Tue 2006-08-22
Tue 2006-08-22: MTWF, 8 occurrences
For day 8: Wed 2006-08-23
Wed 2006-08-23: MTWF, 8 occurrences
For day 9: Thu 2006-08-24
For day 10: Fri 2006-08-25
Fri 2006-08-25: MTWF, 8 occurrences
For day 11: Sat 2006-08-26
For day 12: Sun 2006-08-27
For day 13: Mon 2006-08-28
Mon 2006-08-28: MTWF, 8 occurrences
For day 14: Tue 2006-08-29
For day 15: Wed 2006-08-30
For day 16: Thu 2006-08-31
For day 17: Fri 2006-09-01
For day 18: Sat 2006-09-02
For day 19: Sun 2006-09-03
For day 20: Mon 2006-09-04
For day 21: Tue 2006-09-05
For day 22: Wed 2006-09-06
For day 23: Thu 2006-09-07
For day 24: Fri 2006-09-08
For day 25: Sat 2006-09-09
For day 26: Sun 2006-09-10
For day 27: Mon 2006-09-11
For day 28: Tue 2006-09-12
For day 29: Wed 2006-09-13
For next 30 days starting at Tue 2006-08-15
Tue 2006-08-15: MTWF, 8 occurrences
Wed 2006-08-16: MTWF, 8 occurrences
Fri 2006-08-18: MTWF, 8 occurrences
Mon 2006-08-21: MTWF, 8 occurrences
Tue 2006-08-22: MTWF, 8 occurrences
Wed 2006-08-23: MTWF, 8 occurrences
Fri 2006-08-25: MTWF, 8 occurrences
Mon 2006-08-28: MTWF, 8 occurrences
